if  10 1000 nested nested multiple multiple nested nested nested cool cool 