<!--[--><main><!--#s1-->Text first <p>s1</p><!----> <!--#s2--><!----> <p>s2</p><!----> <!--#s3--><p>s3</p><!----><!----></main><!--]-->
